
> sirah-legal@0.0.0 build
> tsc -b && vite build

src/lib/docx-export.ts(60,5): error TS2698: Spread types may only be created from object types.
src/lib/file-extract.ts(75,31): error TS2677: A type predicate's type must be assignable to its parameter's type.
  Type '{ str: string; } & Record<string, unknown>' is not assignable to type 'TextItem | TextMarkedContent'.
    Type '{ str: string; } & Record<string, unknown>' is missing the following properties from type 'TextItem': dir, transform, width, height, and 2 more.
src/lib/file-extract.ts(76,25): error TS2339: Property 'str' does not exist on type 'TextItem | TextMarkedContent'.
  Property 'str' does not exist on type 'TextMarkedContent'.
src/lib/supabase.ts(237,27): error TS2345: Argument of type '(row: { profiles: Profile; }) => Profile' is not assignable to parameter of type '(value: { client_id: any; profiles: any[]; }, index: number, array: { client_id: any; profiles: any[]; }[]) => Profile'.
  Types of parameters 'row' and 'value' are incompatible.
    Type '{ client_id: any; profiles: any[]; }' is not assignable to type '{ profiles: Profile; }'.
      Types of property 'profiles' are incompatible.
        Type 'any[]' is missing the following properties from type 'Profile': id, full_name, bar_council_no, state_bar, and 9 more.
src/lib/supabase.ts(264,27): error TS2345: Argument of type '(row: { documents: Document; }) => Document' is not assignable to parameter of type '(value: { document_id: any; documents: any[]; }, index: number, array: { document_id: any; documents: any[]; }[]) => Document'.
  Types of parameters 'row' and 'value' are incompatible.
    Type '{ document_id: any; documents: any[]; }' is not assignable to type '{ documents: Document; }'.
      Types of property 'documents' are incompatible.
        Type 'any[]' is missing the following properties from type 'Document': id, user_id, title, type, and 6 more.
src/pages/draft/Contract.tsx(201,24): error TS2345: Argument of type '(prev: Record<string, string>) => { [x: string]: string | undefined; }' is not assignable to parameter of type 'SetStateAction<Record<string, string>>'.
  Type '(prev: Record<string, string>) => { [x: string]: string | undefined; }' is not assignable to type '(prevState: Record<string, string>) => Record<string, string>'.
    Type '{ [x: string]: string | undefined; }' is not assignable to type 'Record<string, string>'.
      'string' index signatures are incompatible.
        Type 'string | undefined' is not assignable to type 'string'.
          Type 'undefined' is not assignable to type 'string'.
src/pages/draft/Notice.tsx(155,24): error TS2345: Argument of type '(prev: Record<string, string>) => { [x: string]: string | undefined; }' is not assignable to parameter of type 'SetStateAction<Record<string, string>>'.
  Type '(prev: Record<string, string>) => { [x: string]: string | undefined; }' is not assignable to type '(prevState: Record<string, string>) => Record<string, string>'.
    Type '{ [x: string]: string | undefined; }' is not assignable to type 'Record<string, string>'.
      'string' index signatures are incompatible.
        Type 'string | undefined' is not assignable to type 'string'.
          Type 'undefined' is not assignable to type 'string'.
src/pages/draft/TitleReport.tsx(157,24): error TS2345: Argument of type '(prev: Record<string, string>) => { [x: string]: string | undefined; }' is not assignable to parameter of type 'SetStateAction<Record<string, string>>'.
  Type '(prev: Record<string, string>) => { [x: string]: string | undefined; }' is not assignable to type '(prevState: Record<string, string>) => Record<string, string>'.
    Type '{ [x: string]: string | undefined; }' is not assignable to type 'Record<string, string>'.
      'string' index signatures are incompatible.
        Type 'string | undefined' is not assignable to type 'string'.
          Type 'undefined' is not assignable to type 'string'.
